// Jest Snapshot v1, https://goo.gl/fbAQLP

exports[`Button component it matches the snapshot 1`] = `
<button
  aria-label={null}
  className="sc-bdVaJa ksyBqg btn btn-secondary btn-block"
  onClick={[Function]}
/>
`;
